// Jest Snapshot v1, https://goo.gl/fbAQLP

exports[`renders without crashing 1`] = `undefined`;

exports[`test app test app render 1`] = `
<div
  className="App row"
>
  <div
    className="App-header"
  >
    <img
      alt="logo"
      className="App-logo"
      src="logo.svg"
    />
    <h2>
      Welcome to React
    </h2>
  </div>
  <div
    className="App-intro col-md-12"
  >
    <h3>
      All Items List
    </h3>
    <div
      className="row"
    >
      <div
        className="col-md-6 row"
      >
        <div
          className="col-md-6"
        >
          <button
            className="sort-btn btn btn-default btn-block"
            onClick={[Function]}
          >
            Sort By Title
          </button>
        </div>
        <div
          className="col-md-6"
        >
          <input
            className="form-control"
            onChange={[Function]}
            placeholder="Search by title"
            value=""
          />
        </div>
      </div>
      <div
        className="col-md-6"
      >
        <AddItem
          handleAdd={[Function]}
        />
      </div>
      <div
        className="col-md-12"
      >
        <Component
          data={Array []}
          handleAdd={[Function]}
          handleChange={[Function]}
          handleDislike={[Function]}
          handleLike={[Function]}
          handleRemove={[Function]}
          handleSort={[Function]}
          listId={1}
        />
        <span
          className="glyphicon glyphicon-minus btn btn-default"
          onClick={[Function]}
        />
        <span>
          ---- 
          1
           ----
        </span>
        <span
          className="glyphicon glyphicon-plus btn btn-default"
          onClick={[Function]}
        />
      </div>
    </div>
  </div>
  <div
    className="col-md-12"
  >
    <hr />
    <div
      className="col-md-6"
    >
      <h3>
        Like Items List
      </h3>
      <Component
        data={Array []}
        handleAdd={[Function]}
        handleChange={[Function]}
        handleDislike={[Function]}
        handleLike={[Function]}
        handleRemove={[Function]}
        handleSort={[Function]}
        listId={2}
      />
    </div>
    <div
      className="col-md-6"
    >
      <h3>
        Dislike Items List
      </h3>
      <Component
        data={Array []}
        handleAdd={[Function]}
        handleChange={[Function]}
        handleDislike={[Function]}
        handleLike={[Function]}
        handleRemove={[Function]}
        handleSort={[Function]}
        listId={3}
      />
    </div>
  </div>
</div>
`;
